adminUser:
  password: local:foo/adminUser:password
  username: admin
docker:
  password: local:foo/docker:password
  url: https://index.docker.io/v1/
  username: james
enableDocker: true
enableGpg: false
pipelineUser:
  token: local:foo/pipelineUser:token
  username: james
prow:
  hmacToken: local:foo/prow:hmacToken
